reser
mrcus,3,3,3
myron,3,3,3
elder,3,3,3
lynet,3,3,3
hrld2,3,3,3
tndi2,3,3,3
power,2,2,2
sulik,3,3,3
presi,3,3,3
hakun,3,3,3
bosss,2,2,2
haku2,3,3,3
casdy,3,3,3
haku3,3,3,3
larad,2,2,2
davin,2,2,2
joeyd,2,2,2
dogmt,2,2,2
slvtr,2,2,2
abshp,3,3,3
lbshp,2,2,2
ljmrd,1,1,1
rbcca,2,2,2
mason,2,2,2
gruth,1,1,0 ;VOCK: was 1,1,1, no gruthbf1
miria,3,3,3
jomod,3,3,3
veger,2,2,2
jules,1,1,1
vcval,2,2,2
mcclr,2,2,2
salva,2,2,2
jenny,2,2,2
metzg,3,3,3
elise,2,2,2
bgjes,2,2,2
bishp,2,2,2
write,2,2,2
marin,2,2,2
ascor,2,2,2
skeri,3,3,3
chrsy,2,2,2
ahs9h,2,2,2
kensf,2,2,2
ardin,2,2,2
typhn,2,2,2
franc,1,2,2 ;VOCK: was 2,2,2, no francgf2
klint,3,3,3
kitty,2,2,2
west,2,2,2
smilw,2,2,2
smiley,2,2,2
dario,1,1,1
rose,2,2,2
mom,2,2,2
goris,2,2,2
vic,3,3,3
tyler,2,2,2
kit,3,3,3
lenny,2,2,2
dex,3,3,3
phl,2,2,2
cat,3,3,3
troy,2,2,2
rdog,2,2,2
dogr,2,2,2
henry,2,2,2
sky,1,1,1
abott,2,2,2
cnr,2,2,2
sch,1,1,1
badge,2,2,2
suze,2,2,2
bird,2,2,2
maida,2,2,2
marge,2,2,2
chief,2,2,2
fanni,2,2,2
fannc,2,2,2
dan,2,2,2
docj,2,2,2
lou,2,2,2
obad,1,1,1
tully,3,3,3
marj,1,1,1
stark,2,2,2
stul,2,2,2
cap,2,2,2
lopan,2,2,2
drago,2,2,2
ahs7,2,2,2
vaj,2,2,2
wong,2,2,2
mat,2,2,2
lao,2,2,2
slim,2,2,2
chad,2,2,2
cha2,2,2,2
steve,2,2,2
torr,2,2,2
skeet,1,1,1
wooz,2,2,2
fest,2,2,2
gord,2,2,2
dalia,2,2,2
dal13,2,2,2
merk,2,2,2
eo,2,2,2
cmdr,2,2,2
qm,2,2,2
qm2,2,2,2
grani,2,2,2
cam,2,2,2
anna,1,1,1
plant,1,1,1
mynoc,2,2,2
shela,2,2,2
frank,2,2,2
bark,2,2,2
greg,2,2,2
wall,2,2,2
lydia,2,2,2
kaga,1,1,1
keith,2,2,2
chip,2,2,2
cw,2,2,2
ew,2,2,2
rb15,2,2,2
zeke,2,2,2
nikki,2,2,2
zomak,1,1,1
sullj,3,3,3
sulla,3,3,3
sulma,3,3,3
sulca,3,3,3
sulro,3,3,3
sulpa,3,3,3
sulap,3,3,3
caslj,3,3,3
casma,3,3,3
casca,3,3,3
casro,3,3,3
caspa,3,3,3
casap,3,3,3
myrca,3,3,3
myrro,3,3,3
myrpa,3,3,3
myrap,3,3,3
casun,3,3,3
brain,1,1,1
smit,2,2,2
curl,2,2,2
jacob,2,2,2
zaius,2,2,2
don,1,1,1
dum,1,1,1
jimmy,2,2,2
sham,2,2,2
krom,2,2,2
rene,2,2,2
kur,2,2,2
vort,2,2,2
sally,2,2,2
grish,2,2,2
ben,2,2,2
corn,1,1,1
far,2,2,2
bal,2,2,2
lad,1,1,1
jonny,2,2,2
bmatt,2,2,2
pet,2,2,2
merch,2,2,2
paul,2,2,2
annvv,2,2,2
hhary,1,1,1
quin,2,2,2
raul,2,2,2
xarn,1,1,1
chris,2,2,2
moore,2,2,2
ianoj,2,2,2
buck,2,2,2
flick,2,2,2
jones,3,3,3
tubby,2,2,2
ama,2,2,2
ariel,2,2,2
andr,2,2,2
fung,2,2,2
jub,2,2,2
hol,2,2,2
josep,2,2,2
mor,3,3,3
ceri,3,3,3
rhea,3,3,3
jones,3,3,3
hangm,3,3,3
badg,3,3,3
eld,1,1,1
tray,1,1,1 ;VOCK: was 2,2,2, no traygf2/traynf2/traybf2
arth,2,2,2 ;VOCK: was 1,1,1, arthgf2/arthnf2/arthbf2 unused
brige,1,1,1
aldo,2,2,2
sajag,2,2,2
ana,2,2,2
dobbs,1,1,1
hank,2,2,2
cindy,3,3,3
rodny,2,2,2
guzz,2,2,2
slvf1,2,2,2 
slvf2,2,2,2
slvf3,2,2,2
slvm1,2,2,2
slvm2,2,2,2
slvm3,2,2,2
head1,3,3,3 ;start of free head slots
head2,3,3,3
head3,3,3,3
head4,2,2,2
head5,2,2,2
head6,2,2,2
head7,2,2,2
head8,2,2,2
head9,2,2,2
face1,2,2,2
face2,2,2,2
face3,2,2,2
face4,2,2,2
face5,2,2,2
face6,2,2,2
face7,2,2,2
face8,2,2,2
face9,2,2,2
objh1,2,2,2
objh2,2,2,2
objh3,2,2,2
objh4,2,2,2
objh5,2,2,2
objh6,2,2,2
objh7,2,2,2
objh8,2,2,2
objh9,2,2,2 ;end of free head slots
danbh,2,2,2
eric,2,2,2
